mode: set
github.com/allen-lhj/myproject/main.go:8.13,10.16 2 0
github.com/allen-lhj/myproject/main.go:10.16,13.3 2 0
github.com/allen-lhj/myproject/main.go:14.2,14.47 1 0
github.com/allen-lhj/myproject/main.go:17.44,20.12 2 1
github.com/allen-lhj/myproject/main.go:20.12,22.3 1 1
github.com/allen-lhj/myproject/main.go:24.2,25.20 2 1
